xFormers not available
/unav/venv/lib/python3.10/site-packages/timm/models/layers/__init__.py:48: FutureWarning: Importing from timm.models.layers is deprecated, please import via timm.layers
  warnings.warn(f"Importing from {__name__} is deprecated, please import via timm.layers", FutureWarning)
xFormers not available
/home/nattachart.tak/PhD/Trial_New_UNav/UNav/unav/core/third_party/LightGlue/lightglue/lightglue.py:15: FutureWarning: `torch.cuda.amp.custom_fwd(args...)` is deprecated. Please use `torch.amp.custom_fwd(args..., device_type='cuda')` instead.
  @torch.cuda.amp.custom_fwd(cast_inputs=torch.float32)
/home/nattachart.tak/PhD/Trial_New_UNav/UNav/unav/core/third_party/SuperPoint_SuperGlue/extractors/SuperGluePretrainedNetwork/models/superpoint.py:138: FutureWarning: You are using `torch.load` with `weights_only=False` (the current default value), which uses the default pickle module implicitly. It is possible to construct malicious pickle data which will execute arbitrary code during unpickling (See https://github.com/pytorch/pytorch/blob/main/SECURITY.md#untrusted-models for more details). In a future release, the default value for `weights_only` will be flipped to `True`. This limits the functions that could be executed during unpickling. Arbitrary objects will no longer be allowed to be loaded via this mode unless they are explicitly allowlisted by the user via `torch.serialization.add_safe_globals`. We recommend you start setting `weights_only=True` for any use case where you don't have full control of the loaded file. Please open an issue on GitHub for any issues related to this experimental feature.
  self.load_state_dict(torch.load(str(path)))
/home/nattachart.tak/PhD/Trial_New_UNav/UNav/unav/core/third_party/MixVPR/feature_extract.py:17: FutureWarning: You are using `torch.load` with `weights_only=False` (the current default value), which uses the default pickle module implicitly. It is possible to construct malicious pickle data which will execute arbitrary code during unpickling (See https://github.com/pytorch/pytorch/blob/main/SECURITY.md#untrusted-models for more details). In a future release, the default value for `weights_only` will be flipped to `True`. This limits the functions that could be executed during unpickling. Arbitrary objects will no longer be allowed to be loaded via this mode unless they are explicitly allowlisted by the user via `torch.serialization.add_safe_globals`. We recommend you start setting `weights_only=True` for any use case where you don't have full control of the loaded file. Please open an issue on GitHub for any issues related to this experimental feature.
  saved_state = torch.load(join(root, join(content["ckpt_path"], "model_best.pth") if pipeline
/unav/venv/lib/python3.10/site-packages/torch/nested/__init__.py:107: UserWarning: The PyTorch API of nested tensors is in prototype stage and will change in the near future. (Triggered internally at ../aten/src/ATen/NestedTensorImpl.cpp:178.)
  return torch._nested_tensor_from_tensor_list(ts, dtype, None, device, None)
Seed set to: 42 (type: <class 'int'>)
[INFO] Initializing models: Local -> superpoint+lightglue | Global -> MixVPR
Loaded SuperPoint model
Loaded MixVPR model for input images at [320, 320]  from parameters/MixVPR/ckpts/resnet50_MixVPR_4096_channels(1024)_rows(4).ckpt Successfully!
[✓] Loaded COLMAP model for ('Mahidol_University', 'ICT', '1.1_MixVPR'): 6030 frames
[✓] Loaded global features for ('Mahidol_University', 'ICT', '1.1_MixVPR'): 6030 images
[✓] Loaded transform matrix for ('Mahidol_University', 'ICT', '1.1_MixVPR'): shape=(2, 4)
[INFO] All map and feature loading complete.
Best map key: ('Mahidol_University', 'ICT', '1.1_MixVPR')
Number of candidates after local matching: 46
PnP pairs 2D shape: (3923, 2) 3D shape: (3923, 3)
Multiframe time (ms): 449
Floorplan Pose (x, y, angle): {'xy': array([ 952.46140311, 1349.35302012]), 'ang': 213.846502978688}
Best map key: ('Mahidol_University', 'ICT', '1.1_MixVPR')
Number of candidates after local matching: 49
PnP pairs 2D shape: (4228, 2) 3D shape: (4228, 3)
Multiframe time (ms): 453
Floorplan Pose (x, y, angle): {'xy': array([ 800.6383576 , 1181.64317534]), 'ang': 102.57263705415522}
Best map key: ('Mahidol_University', 'ICT', '1.1_MixVPR')
Number of candidates after local matching: 50
PnP pairs 2D shape: (6909, 2) 3D shape: (6909, 3)
Multiframe time (ms): 546
Floorplan Pose (x, y, angle): {'xy': array([2024.53663585,  910.57366718]), 'ang': 122.52821730121833}
Best map key: ('Mahidol_University', 'ICT', '1.1_MixVPR')
Number of candidates after local matching: 50
PnP pairs 2D shape: (12663, 2) 3D shape: (12663, 3)
Multiframe time (ms): 1250
Floorplan Pose (x, y, angle): {'xy': array([2222.77681141, 1496.59197536]), 'ang': 33.31083496948898}
Best map key: ('Mahidol_University', 'ICT', '1.1_MixVPR')
Number of candidates after local matching: 50
PnP pairs 2D shape: (12609, 2) 3D shape: (12609, 3)
Multiframe time (ms): 1056
Floorplan Pose (x, y, angle): {'xy': array([2002.09828125, 1715.07752992]), 'ang': 225.10616368025808}
Best map key: ('Mahidol_University', 'ICT', '1.1_MixVPR')
Number of candidates after local matching: 25
PnP pairs 2D shape: (1863, 2) 3D shape: (1863, 3)
Multiframe time (ms): 153
Floorplan Pose (x, y, angle): {'xy': array([ 807.04741417, 1269.7998153 ]), 'ang': 307.03024332128234}
Best map key: ('Mahidol_University', 'ICT', '1.1_MixVPR')
Number of candidates after local matching: 40
PnP pairs 2D shape: (4037, 2) 3D shape: (4037, 3)
Multiframe time (ms): 368
Floorplan Pose (x, y, angle): {'xy': array([2630.45655833, 1807.10804514]), 'ang': 358.2869231508911}
Best map key: ('Mahidol_University', 'ICT', '1.1_MixVPR')
Number of candidates after local matching: 50
PnP pairs 2D shape: (11745, 2) 3D shape: (11745, 3)
Multiframe time (ms): 1347
Floorplan Pose (x, y, angle): {'xy': array([1501.42894968, 1760.31166419]), 'ang': 301.8322703461687}
Best map key: ('Mahidol_University', 'ICT', '1.1_MixVPR')
Number of candidates after local matching: 50
PnP pairs 2D shape: (6794, 2) 3D shape: (6794, 3)
Multiframe time (ms): 434
Floorplan Pose (x, y, angle): {'xy': array([ 881.74238424, 1356.03414587]), 'ang': 92.78831498020176}
Best map key: ('Mahidol_University', 'ICT', '1.1_MixVPR')
Number of candidates after local matching: 50
PnP pairs 2D shape: (7840, 2) 3D shape: (7840, 3)
Multiframe time (ms): 1002
Floorplan Pose (x, y, angle): {'xy': array([1549.62086252, 1861.39740464]), 'ang': 71.18627901961088}
Best map key: ('Mahidol_University', 'ICT', '1.1_MixVPR')
Number of candidates after local matching: 50
PnP pairs 2D shape: (9816, 2) 3D shape: (9816, 3)
Multiframe time (ms): 806
Floorplan Pose (x, y, angle): {'xy': array([2043.25072556,  844.56032937]), 'ang': 46.381125132618386}
Best map key: ('Mahidol_University', 'ICT', '1.1_MixVPR')
Number of candidates after local matching: 50
PnP pairs 2D shape: (17668, 2) 3D shape: (17668, 3)
Multiframe time (ms): 1544
Floorplan Pose (x, y, angle): {'xy': array([1483.69248348, 1602.69917883]), 'ang': 1.1509896440809022}
Best map key: ('Mahidol_University', 'ICT', '1.1_MixVPR')
Number of candidates after local matching: 48
PnP pairs 2D shape: (4463, 2) 3D shape: (4463, 3)
Multiframe time (ms): 287
Floorplan Pose (x, y, angle): {'xy': array([2041.80554975,  603.19668814]), 'ang': 8.957489161713172}
Best map key: ('Mahidol_University', 'ICT', '1.1_MixVPR')
Number of candidates after local matching: 45
PnP pairs 2D shape: (4150, 2) 3D shape: (4150, 3)
Multiframe time (ms): 318
Floorplan Pose (x, y, angle): {'xy': array([1823.39624015, 1335.05736427]), 'ang': 205.45966559564033}
Best map key: ('Mahidol_University', 'ICT', '1.1_MixVPR')
Number of candidates after local matching: 50
PnP pairs 2D shape: (5815, 2) 3D shape: (5815, 3)
Multiframe time (ms): 496
Floorplan Pose (x, y, angle): {'xy': array([2090.33686275, 1120.91350905]), 'ang': 216.6344266132376}
Best map key: ('Mahidol_University', 'ICT', '1.1_MixVPR')
Number of candidates after local matching: 43
PnP pairs 2D shape: (4459, 2) 3D shape: (4459, 3)
Multiframe time (ms): 362
Floorplan Pose (x, y, angle): {'xy': array([2082.40020889,  737.19880665]), 'ang': 303.75677076629523}
Best map key: ('Mahidol_University', 'ICT', '1.1_MixVPR')
Number of candidates after local matching: 44
PnP pairs 2D shape: (3344, 2) 3D shape: (3344, 3)
Multiframe time (ms): 156
Floorplan Pose (x, y, angle): {'xy': array([2056.19543605,  804.50483851]), 'ang': 319.07943853903714}
Best map key: ('Mahidol_University', 'ICT', '1.1_MixVPR')
Number of candidates after local matching: 38
PnP pairs 2D shape: (3501, 2) 3D shape: (3501, 3)
Multiframe time (ms): 346
Floorplan Pose (x, y, angle): {'xy': array([1321.99643698, 1361.47815401]), 'ang': 146.00873964418506}
Best map key: ('Mahidol_University', 'ICT', '1.1_MixVPR')
Number of candidates after local matching: 50
PnP pairs 2D shape: (7699, 2) 3D shape: (7699, 3)
Multiframe time (ms): 514
Floorplan Pose (x, y, angle): {'xy': array([2083.80947506, 1225.57730111]), 'ang': 323.48209723555806}
Best map key: ('Mahidol_University', 'ICT', '1.1_MixVPR')
Number of candidates after local matching: 50
PnP pairs 2D shape: (7003, 2) 3D shape: (7003, 3)
Multiframe time (ms): 625
Floorplan Pose (x, y, angle): {'xy': array([2078.20365225, 1073.29959403]), 'ang': 201.93262371395306}
Best map key: ('Mahidol_University', 'ICT', '1.1_MixVPR')
Number of candidates after local matching: 47
PnP pairs 2D shape: (3839, 2) 3D shape: (3839, 3)
Multiframe time (ms): 252
Floorplan Pose (x, y, angle): {'xy': array([2074.2261302 ,  685.76286191]), 'ang': 17.321325151296104}
Best map key: ('Mahidol_University', 'ICT', '1.1_MixVPR')
Number of candidates after local matching: 50
PnP pairs 2D shape: (8065, 2) 3D shape: (8065, 3)
Multiframe time (ms): 602
Floorplan Pose (x, y, angle): {'xy': array([2045.32329896,  851.52001619]), 'ang': 23.386590578497824}
Best map key: ('Mahidol_University', 'ICT', '1.1_MixVPR')
Number of candidates after local matching: 44
PnP pairs 2D shape: (3297, 2) 3D shape: (3297, 3)
Multiframe time (ms): 330
Floorplan Pose (x, y, angle): {'xy': array([ 786.91893682, 1212.6158762 ]), 'ang': 109.23642866212933}
Best map key: ('Mahidol_University', 'ICT', '1.1_MixVPR')
Number of candidates after local matching: 50
PnP pairs 2D shape: (7615, 2) 3D shape: (7615, 3)
Multiframe time (ms): 999
Floorplan Pose (x, y, angle): {'xy': array([2092.61328329, 1284.74572898]), 'ang': 203.9217825023586}
Best map key: ('Mahidol_University', 'ICT', '1.1_MixVPR')
Number of candidates after local matching: 50
PnP pairs 2D shape: (8161, 2) 3D shape: (8161, 3)
Multiframe time (ms): 748
Floorplan Pose (x, y, angle): {'xy': array([2187.9085156 , 1480.45724135]), 'ang': 234.36260186018853}
Best map key: ('Mahidol_University', 'ICT', '1.1_MixVPR')
Number of candidates after local matching: 32
PnP pairs 2D shape: (2327, 2) 3D shape: (2327, 3)
Multiframe time (ms): 152
Floorplan Pose (x, y, angle): {'xy': array([ 803.50292781, 1294.4259427 ]), 'ang': 87.23120149118421}
Best map key: ('Mahidol_University', 'ICT', '1.1_MixVPR')
Number of candidates after local matching: 50
PnP pairs 2D shape: (10466, 2) 3D shape: (10466, 3)
Multiframe time (ms): 801
Floorplan Pose (x, y, angle): {'xy': array([1829.2802969 , 1742.30167447]), 'ang': 53.10722156015827}
Best map key: ('Mahidol_University', 'ICT', '1.1_MixVPR')
Number of candidates after local matching: 50
PnP pairs 2D shape: (8864, 2) 3D shape: (8864, 3)
Multiframe time (ms): 702
Floorplan Pose (x, y, angle): {'xy': array([2290.34824799, 1689.10620384]), 'ang': 142.09079629836634}
Best map key: ('Mahidol_University', 'ICT', '1.1_MixVPR')
Number of candidates after local matching: 50
PnP pairs 2D shape: (10225, 2) 3D shape: (10225, 3)
Multiframe time (ms): 893
Floorplan Pose (x, y, angle): {'xy': array([1882.63147214, 1717.26318476]), 'ang': 109.5620704107974}
Best map key: ('Mahidol_University', 'ICT', '1.1_MixVPR')
Number of candidates after local matching: 50
PnP pairs 2D shape: (6215, 2) 3D shape: (6215, 3)
Multiframe time (ms): 469
Floorplan Pose (x, y, angle): {'xy': array([1075.88843093, 1342.76073165]), 'ang': 145.73807260311605}
Best map key: ('Mahidol_University', 'ICT', '1.1_MixVPR')
Number of candidates after local matching: 36
PnP pairs 2D shape: (2989, 2) 3D shape: (2989, 3)
Multiframe time (ms): 179
Floorplan Pose (x, y, angle): {'xy': array([1341.92430038, 1483.20641317]), 'ang': 150.94781636784668}
Traceback (most recent call last):
  File "/home/nattachart.tak/PhD/Trial_New_UNav/UNav/unav/localizer/tools/io.py", line 149, in load_local_features
    for name, feat in executor.map(read_one, to_load):
  File "/usr/lib/python3.10/concurrent/futures/_base.py", line 621, in result_iterator
  File "/usr/lib/python3.10/concurrent/futures/_base.py", line 319, in _result_or_cancel
  File "/usr/lib/python3.10/concurrent/futures/_base.py", line 453, in result
  File "/usr/lib/python3.10/threading.py", line 320, in wait
KeyboardInterrupt

During handling of the above exception, another exception occurred:

Traceback (most recent call last):
  File "/home/nattachart.tak/PhD/Trial_New_UNav/UNav/./experiment/run_experiment.py", line 166, in <module>
    candidates_data = localizer.get_candidates_data(top_candidates)
  File "/home/nattachart.tak/PhD/Trial_New_UNav/UNav/unav/localizer/localizer.py", line 165, in get_candidates_data
    return fetch_candidates_data(
  File "/home/nattachart.tak/PhD/Trial_New_UNav/UNav/unav/localizer/tools/retriever.py", line 87, in fetch_candidates_data
    local_feats = load_local_features_fn(local_feat_path, ref_names)
  File "/home/nattachart.tak/PhD/Trial_New_UNav/UNav/unav/localizer/tools/io.py", line 148, in load_local_features
    with concurrent.futures.ThreadPoolExecutor(max_workers=n_threads) as executor:
  File "/usr/lib/python3.10/concurrent/futures/_base.py", line 649, in __exit__
  File "/usr/lib/python3.10/concurrent/futures/thread.py", line 235, in shutdown
  File "/usr/lib/python3.10/threading.py", line 1096, in join
  File "/usr/lib/python3.10/threading.py", line 1116, in _wait_for_tstate_lock
KeyboardInterrupt
Exception ignored in: <module 'threading' from '/usr/lib/python3.10/threading.py'>
Traceback (most recent call last):
  File "/usr/lib/python3.10/threading.py", line 1537, in _shutdown
  File "/usr/lib/python3.10/concurrent/futures/thread.py", line 31, in _python_exit
  File "/usr/lib/python3.10/threading.py", line 1096, in join
  File "/usr/lib/python3.10/threading.py", line 1116, in _wait_for_tstate_lock
KeyboardInterrupt: 
[Background Prefetch] Error: cannot schedule new futures after interpreter shutdown
[Background Prefetch] Error: cannot schedule new futures after interpreter shutdown
[Background Prefetch] Error: cannot schedule new futures after interpreter shutdown
[Background Prefetch] Error: cannot schedule new futures after interpreter shutdown
[Background Prefetch] Error: cannot schedule new futures after interpreter shutdown
