---------------------------------------------
>> Mapping: Place=Mahidol_University | Building=ICT | Floor=1.1_DinoV2Salad
---------------------------------------------
/home/nattachart.tak/.local/lib/python3.10/site-packages/timm/models/layers/__init__.py:48: FutureWarning: Importing from timm.models.layers is deprecated, please import via timm.layers
  warnings.warn(f"Importing from {__name__} is deprecated, please import via timm.layers", FutureWarning)
/home/nattachart.tak/PhD/Trial_New_UNav/UNav/unav/core/third_party/LightGlue/lightglue/lightglue.py:15: FutureWarning: `torch.cuda.amp.custom_fwd(args...)` is deprecated. Please use `torch.amp.custom_fwd(args..., device_type='cuda')` instead.
  @torch.cuda.amp.custom_fwd(cast_inputs=torch.float32)
/home/nattachart.tak/PhD/Trial_New_UNav/UNav/unav/core/third_party/SuperPoint_SuperGlue/extractors/SuperGluePretrainedNetwork/models/superpoint.py:138: FutureWarning: You are using `torch.load` with `weights_only=False` (the current default value), which uses the default pickle module implicitly. It is possible to construct malicious pickle data which will execute arbitrary code during unpickling (See https://github.com/pytorch/pytorch/blob/main/SECURITY.md#untrusted-models for more details). In a future release, the default value for `weights_only` will be flipped to `True`. This limits the functions that could be executed during unpickling. Arbitrary objects will no longer be allowed to be loaded via this mode unless they are explicitly allowlisted by the user via `torch.serialization.add_safe_globals`. We recommend you start setting `weights_only=True` for any use case where you don't have full control of the loaded file. Please open an issue on GitHub for any issues related to this experimental feature.
  self.load_state_dict(torch.load(str(path)))
Using cache found in /home/nattachart.tak/.cache/torch/hub/facebookresearch_dinov2_main
/home/nattachart.tak/.cache/torch/hub/facebookresearch_dinov2_main/dinov2/layers/swiglu_ffn.py:43: UserWarning: xFormers is available (SwiGLU)
  warnings.warn("xFormers is available (SwiGLU)")
/home/nattachart.tak/.cache/torch/hub/facebookresearch_dinov2_main/dinov2/layers/attention.py:27: UserWarning: xFormers is available (Attention)
  warnings.warn("xFormers is available (Attention)")
/home/nattachart.tak/.cache/torch/hub/facebookresearch_dinov2_main/dinov2/layers/block.py:33: UserWarning: xFormers is available (Block)
  warnings.warn("xFormers is available (Block)")
/home/nattachart.tak/PhD/Trial_New_UNav/UNav/unav/core/third_party/salad/feature_extract.py:41: FutureWarning: You are using `torch.load` with `weights_only=False` (the current default value), which uses the default pickle module implicitly. It is possible to construct malicious pickle data which will execute arbitrary code during unpickling (See https://github.com/pytorch/pytorch/blob/main/SECURITY.md#untrusted-models for more details). In a future release, the default value for `weights_only` will be flipped to `True`. This limits the functions that could be executed during unpickling. Arbitrary objects will no longer be allowed to be loaded via this mode unless they are explicitly allowlisted by the user via `torch.serialization.add_safe_globals`. We recommend you start setting `weights_only=True` for any use case where you don't have full control of the loaded file. Please open an issue on GitHub for any issues related to this experimental feature.
  saved_state = torch.load(ckpt_path, map_location=self.device)
[✓] YAML written to: /home/nattachart.tak/Data/experiments/Mapping/data/unav2-data/Mahidol_University/ICT/1.1_DinoV2Salad/equirectangular.yaml.
Starting UNav mapping pipeline...
Seed set to: 42 (type: <class 'int'>)
[INFO] Loading models: Local -> superpoint+lightglue | Global -> DinoV2Salad
Loaded SuperPoint model
Loaded model from /home/nattachart.tak/Data/experiments/Mapping/data/unav2-data/parameters/DinoV2Salad/ckpts/dino_salad.ckpt successfully!
Extracting Features:   0%|          | 0/6030 [00:00<?, ?it/s]Extracting Features:   0%|          | 1/6030 [00:14<24:37:31, 14.70s/it]Extracting Features:   0%|          | 2/6030 [00:14<10:16:09,  6.13s/it]Extracting Features:   0%|          | 3/6030 [00:14<5:40:51,  3.39s/it] Extracting Features:   0%|          | 4/6030 [00:15<3:30:42,  2.10s/it]Extracting Features:   0%|          | 5/6030 [00:15<2:19:25,  1.39s/it]Extracting Features:   0%|          | 6/6030 [00:15<1:39:19,  1.01it/s]Extracting Features:   0%|          | 7/6030 [00:15<1:12:11,  1.39it/s]Extracting Features:   0%|          | 8/6030 [00:15<54:33,  1.84it/s]  Extracting Features:   0%|          | 9/6030 [00:15<41:29,  2.42it/s]Extracting Features:   0%|          | 9/6030 [00:15<2:57:37,  1.77s/it]
Traceback (most recent call last):
  File "/usr/lib/python3.10/runpy.py", line 196, in _run_module_as_main
  File "/usr/lib/python3.10/runpy.py", line 86, in _run_code
  File "/home/nattachart.tak/PhD/Trial_New_UNav/UNav/unav/run_mapping.py", line 111, in <module>
    main()
  File "/home/nattachart.tak/PhD/Trial_New_UNav/UNav/unav/run_mapping.py", line 90, in main
    extract_features_from_dir(mapper_config)
  File "/home/nattachart.tak/PhD/Trial_New_UNav/UNav/unav/mapper/feature_extractor.py", line 66, in extract_features_from_dir
    tensor_img = torch.from_numpy(img_rgb).permute(2, 0, 1).unsqueeze(0).float().to(device) / 255.0
KeyboardInterrupt
Exception ignored in atexit callback: <function dump_compile_times at 0x15536d632710>
Traceback (most recent call last):
  File "/home/nattachart.tak/.local/lib/python3.10/site-packages/torch/_dynamo/utils.py", line 335, in dump_compile_times
    log.info(compile_times(repr="str", aggregate=True))
  File "/home/nattachart.tak/.local/lib/python3.10/site-packages/torch/_dynamo/utils.py", line 322, in compile_times
    out += tabulate(rows, headers=("Function", "Runtimes (s)"))
  File "/home/nattachart.tak/.local/lib/python3.10/site-packages/torch/_dynamo/utils.py", line 127, in tabulate
    import tabulate
  File "<frozen importlib._bootstrap>", line 1027, in _find_and_load
  File "<frozen importlib._bootstrap>", line 1006, in _find_and_load_unlocked
  File "<frozen importlib._bootstrap>", line 688, in _load_unlocked
  File "<frozen importlib._bootstrap_external>", line 879, in exec_module
  File "<frozen importlib._bootstrap_external>", line 975, in get_code
  File "<frozen importlib._bootstrap_external>", line 1074, in get_data
KeyboardInterrupt: 
