xFormers not available
/unav/venv/lib/python3.10/site-packages/timm/models/layers/__init__.py:48: FutureWarning: Importing from timm.models.layers is deprecated, please import via timm.layers
  warnings.warn(f"Importing from {__name__} is deprecated, please import via timm.layers", FutureWarning)
xFormers not available
/home/nattachart.tak/PhD/Trial_New_UNav/UNav/unav/core/third_party/LightGlue/lightglue/lightglue.py:15: FutureWarning: `torch.cuda.amp.custom_fwd(args...)` is deprecated. Please use `torch.amp.custom_fwd(args..., device_type='cuda')` instead.
  @torch.cuda.amp.custom_fwd(cast_inputs=torch.float32)
/home/nattachart.tak/PhD/Trial_New_UNav/UNav/unav/core/third_party/SuperPoint_SuperGlue/extractors/SuperGluePretrainedNetwork/models/superpoint.py:138: FutureWarning: You are using `torch.load` with `weights_only=False` (the current default value), which uses the default pickle module implicitly. It is possible to construct malicious pickle data which will execute arbitrary code during unpickling (See https://github.com/pytorch/pytorch/blob/main/SECURITY.md#untrusted-models for more details). In a future release, the default value for `weights_only` will be flipped to `True`. This limits the functions that could be executed during unpickling. Arbitrary objects will no longer be allowed to be loaded via this mode unless they are explicitly allowlisted by the user via `torch.serialization.add_safe_globals`. We recommend you start setting `weights_only=True` for any use case where you don't have full control of the loaded file. Please open an issue on GitHub for any issues related to this experimental feature.
  self.load_state_dict(torch.load(str(path)))
/home/nattachart.tak/PhD/Trial_New_UNav/UNav/unav/core/third_party/MixVPR/feature_extract.py:17: FutureWarning: You are using `torch.load` with `weights_only=False` (the current default value), which uses the default pickle module implicitly. It is possible to construct malicious pickle data which will execute arbitrary code during unpickling (See https://github.com/pytorch/pytorch/blob/main/SECURITY.md#untrusted-models for more details). In a future release, the default value for `weights_only` will be flipped to `True`. This limits the functions that could be executed during unpickling. Arbitrary objects will no longer be allowed to be loaded via this mode unless they are explicitly allowlisted by the user via `torch.serialization.add_safe_globals`. We recommend you start setting `weights_only=True` for any use case where you don't have full control of the loaded file. Please open an issue on GitHub for any issues related to this experimental feature.
  saved_state = torch.load(join(root, join(content["ckpt_path"], "model_best.pth") if pipeline
/unav/venv/lib/python3.10/site-packages/torch/nested/__init__.py:107: UserWarning: The PyTorch API of nested tensors is in prototype stage and will change in the near future. (Triggered internally at ../aten/src/ATen/NestedTensorImpl.cpp:178.)
  return torch._nested_tensor_from_tensor_list(ts, dtype, None, device, None)
Seed set to: 42 (type: <class 'int'>)
[INFO] Initializing models: Local -> superpoint+lightglue | Global -> MixVPR
Loaded SuperPoint model
Loaded MixVPR model for input images at [320, 320]  from parameters/MixVPR/ckpts/resnet50_MixVPR_4096_channels(1024)_rows(4).ckpt Successfully!
[✓] Loaded COLMAP model for ('Mahidol_University', 'ICT', '1.1'): 5346 frames
[✓] Loaded global features for ('Mahidol_University', 'ICT', '1.1'): 5346 images
[✓] Loaded transform matrix for ('Mahidol_University', 'ICT', '1.1'): shape=(2, 4)
[INFO] All map and feature loading complete.
Best map key: ('Mahidol_University', 'ICT', '1.1')
Number of candidates after local matching: 50
PnP pairs 2D shape: (6434, 2) 3D shape: (6434, 3)
Multiframe time (ms): 500
Floorplan Pose (x, y, angle): {'xy': array([2103.29738606,  918.46277894]), 'ang': 322.37491204577833}
Best map key: ('Mahidol_University', 'ICT', '1.1')
Number of candidates after local matching: 50
PnP pairs 2D shape: (7008, 2) 3D shape: (7008, 3)
Multiframe time (ms): 567
Floorplan Pose (x, y, angle): {'xy': array([2211.53261447, 1629.61714094]), 'ang': 107.8271197254364}
Best map key: ('Mahidol_University', 'ICT', '1.1')
Number of candidates after local matching: 9
PnP pairs 2D shape: (623, 2) 3D shape: (623, 3)
Multiframe time (ms): 54
Floorplan Pose (x, y, angle): {'xy': array([1182.51802915, 1347.86897964]), 'ang': 270.79426766287565}
Best map key: ('Mahidol_University', 'ICT', '1.1')
Number of candidates after local matching: 46
PnP pairs 2D shape: (5086, 2) 3D shape: (5086, 3)
Multiframe time (ms): 513
Floorplan Pose (x, y, angle): {'xy': array([2093.98507871, 1220.56241326]), 'ang': 4.473564797121608}
Best map key: ('Mahidol_University', 'ICT', '1.1')
Number of candidates after local matching: 50
PnP pairs 2D shape: (9060, 2) 3D shape: (9060, 3)
Multiframe time (ms): 861
Floorplan Pose (x, y, angle): {'xy': array([1480.97537749, 1629.57498243]), 'ang': 106.3149783748904}
==== Predicted coordinates were saved to '/home/nattachart.tak/PhD/Trial_New_UNav/UNav/experiment/configs//Config__v2-1_c/Results_localize_MixVPR.xlsx'. ====
==== Calculate distance errors ====
==== Distance errors were saved to /home/nattachart.tak/PhD/Trial_New_UNav/UNav/experiment/configs//Config__v2-1_c/Results_distance_error_MixVPR.xlsx ====
==== Distance errors were saved to /home/nattachart.tak/PhD/Trial_New_UNav/UNav/experiment/configs//Config__v2-1_c/Results_distance_error_MixVPR.xlsx ====
[Background Prefetch] Error: cannot schedule new futures after interpreter shutdown
[Background Prefetch] Error: cannot schedule new futures after interpreter shutdown
[Background Prefetch] Error: cannot schedule new futures after interpreter shutdown
[Background Prefetch] Error: cannot schedule new futures after interpreter shutdown
[Background Prefetch] Error: cannot schedule new futures after interpreter shutdown
[Background Prefetch] Error: cannot schedule new futures after interpreter shutdown
[Background Prefetch] Error: cannot schedule new futures after interpreter shutdown
[Background Prefetch] Error: cannot schedule new futures after interpreter shutdown
[Background Prefetch] Error: cannot schedule new futures after interpreter shutdown
[Background Prefetch] Error: cannot schedule new futures after interpreter shutdown
[Background Prefetch] Error: cannot schedule new futures after interpreter shutdown
[Background Prefetch] Error: cannot schedule new futures after interpreter shutdown
[Background Prefetch] Error: cannot schedule new futures after interpreter shutdown
[Background Prefetch] Error: cannot schedule new futures after interpreter shutdown
[Background Prefetch] Error: cannot schedule new futures after interpreter shutdown
[Background Prefetch] Error: cannot schedule new futures after interpreter shutdown
[Background Prefetch] Error: cannot schedule new futures after interpreter shutdown
[Background Prefetch] Error: cannot schedule new futures after interpreter shutdown
[Background Prefetch] Error: cannot schedule new futures after interpreter shutdown
[Background Prefetch] Error: cannot schedule new futures after interpreter shutdown
[Background Prefetch] Error: cannot schedule new futures after interpreter shutdown
[Background Prefetch] Error: cannot schedule new futures after interpreter shutdown
[Background Prefetch] Error: cannot schedule new futures after interpreter shutdown
[Background Prefetch] Error: cannot schedule new futures after interpreter shutdown
[Background Prefetch] Error: cannot schedule new futures after interpreter shutdown
[Background Prefetch] Error: cannot schedule new futures after interpreter shutdown
[Background Prefetch] Error: cannot schedule new futures after interpreter shutdown
[Background Prefetch] Error: cannot schedule new futures after interpreter shutdown
[Background Prefetch] Error: cannot schedule new futures after interpreter shutdown
[Background Prefetch] Error: cannot schedule new futures after interpreter shutdown
[Background Prefetch] Error: cannot schedule new futures after interpreter shutdown
[Background Prefetch] Error: cannot schedule new futures after interpreter shutdown
[Background Prefetch] Error: cannot schedule new futures after interpreter shutdown
[Background Prefetch] Error: cannot schedule new futures after interpreter shutdown
[Background Prefetch] Error: cannot schedule new futures after interpreter shutdown
[Background Prefetch] Error: cannot schedule new futures after interpreter shutdown
[Background Prefetch] Error: cannot schedule new futures after interpreter shutdown
[Background Prefetch] Error: cannot schedule new futures after interpreter shutdown
[Background Prefetch] Error: cannot schedule new futures after interpreter shutdown
[Background Prefetch] Error: cannot schedule new futures after interpreter shutdown
[Background Prefetch] Error: cannot schedule new futures after interpreter shutdown
[Background Prefetch] Error: cannot schedule new futures after interpreter shutdown
[Background Prefetch] Error: cannot schedule new futures after interpreter shutdown
[Background Prefetch] Error: cannot schedule new futures after interpreter shutdown
[Background Prefetch] Error: cannot schedule new futures after interpreter shutdown
[Background Prefetch] Error: cannot schedule new futures after interpreter shutdown
[Background Prefetch] Error: cannot schedule new futures after interpreter shutdown
[Background Prefetch] Error: cannot schedule new futures after interpreter shutdown
[Background Prefetch] Error: cannot schedule new futures after interpreter shutdown
[Background Prefetch] Error: cannot schedule new futures after interpreter shutdown
[Background Prefetch] Error: cannot schedule new futures after interpreter shutdown
